{
  "name": "Test Target File 1",
  "image": "https://www.imore.com/sites/imore.com/files/field/image/2019/09/untitled-goose-game.jpg",
  "description": "TTF1 is used as the baseline for other tests. It demonstrates the most basic functionality for a Myfile."
}